// Jest Snapshot v1, https://goo.gl/fbAQLP

exports[`renders homepage unchanged 1`] = `
<div>
  <div>
    <h1>
      Welcome 
      test-user-id
    </h1>
    <button
      class="chakra-button css-1yyoqsc"
      type="button"
    >
      Toggle 
      Light
    </button>
    <a
      href="/"
    >
      HOME
    </a>
    <a
      href="/about"
    >
      ABOUT
    </a>
  </div>
</div>
`;
